PB user_pkg user_pkg //samba01/dessouga/Projects/dommu_1/user_pkg.vhd sub00/vhpl03 1375467285
EN pe NULL //samba01/dessouga/Projects/dommu_1/pe.vhd sub00/vhpl00 1374596350
EN mux_generic NULL //samba01/dessouga/Projects/dommu_1/mux_generic.vhd sub00/vhpl04 1374497389
AR mux_generic behavioral //samba01/dessouga/Projects/dommu_1/mux_generic.vhd sub00/vhpl05 1374497390
AR pe pe_rtl //samba01/dessouga/Projects/dommu_1/pe.vhd sub00/vhpl01 1374596351
EN rac NULL //samba01/dessouga/Projects/dommu_1/rac.vhd sub00/vhpl08 1374659003
EN xbar_generic NULL //samba01/dessouga/Projects/dommu_1/xbar_generic.vhd sub00/vhpl06 1374497391
PH user_pkg NULL //samba01/dessouga/Projects/dommu_1/user_pkg.vhd sub00/vhpl02 1375467284
AR xbar_generic behavioral //samba01/dessouga/Projects/dommu_1/xbar_generic.vhd sub00/vhpl07 1374497392
