EN brac NULL //samba01/dessouga/Projects/dommu_1/brac.vhd sub00/vhpl09 1376661754
EN arbitrator_brac NULL //samba01/dessouga/Projects/dommu_1/arbitrator_brac.vhd sub00/vhpl11 1376670227
EN xbar_generic NULL //samba01/dessouga/Projects/dommu_1/xbar_generic.vhd sub00/vhpl06 1374497391
AR xbar_generic behavioral //samba01/dessouga/Projects/dommu_1/xbar_generic.vhd sub00/vhpl07 1374497392
EN pe NULL //samba01/dessouga/Projects/dommu_1/pe.vhd sub00/vhpl00 1374596350
AR mux_generic behavioral //samba01/dessouga/Projects/dommu_1/mux_generic.vhd sub00/vhpl05 1374497390
PB user_pkg user_pkg //samba01/dessouga/Projects/dommu_1/user_pkg.vhd sub00/vhpl03 1376670226
EN mux_generic NULL //samba01/dessouga/Projects/dommu_1/mux_generic.vhd sub00/vhpl04 1374497389
AR pe pe_rtl //samba01/dessouga/Projects/dommu_1/pe.vhd sub00/vhpl01 1374596351
EN rac NULL //samba01/dessouga/Projects/dommu_1/rac.vhd sub00/vhpl08 1374659003
AR arbitrator_brac behavioral //samba01/dessouga/Projects/dommu_1/arbitrator_brac.vhd sub00/vhpl12 1376670228
PH user_pkg NULL //samba01/dessouga/Projects/dommu_1/user_pkg.vhd sub00/vhpl02 1376670225
AR brac brac_ctrl //samba01/dessouga/Projects/dommu_1/brac.vhd sub00/vhpl10 1376661755
