V3 23
FL //samba01/dessouga/Projects/dommu_1/arbitrator_brac.vhd 2013/08/16.18:04:22 O.87xd
EN work/arbitrator_brac 1376670227 \
      FL //samba01/dessouga/Projects/dommu_1/arbitrator_brac.vhd \
      PB ieee/std_logic_1164 1325952872 PB ieee/NUMERIC_STD 1325952877 \
      PB work/user_pkg 1376670226
AR work/arbitrator_brac/Behavioral 1376670228 \
      FL //samba01/dessouga/Projects/dommu_1/arbitrator_brac.vhd \
      EN work/arbitrator_brac 1376670227
FL //samba01/dessouga/Projects/dommu_1/brac.vhd 2013/08/16.16:02:28 O.87xd
EN work/brac 1376661754 FL //samba01/dessouga/Projects/dommu_1/brac.vhd \
      PB ieee/std_logic_1164 1325952872 PB ieee/NUMERIC_STD 1325952877 \
      PB work/user_pkg 1376670226
AR work/brac/brac_ctrl 1376661755 \
      FL //samba01/dessouga/Projects/dommu_1/brac.vhd EN work/brac 1376661754
FL //samba01/dessouga/Projects/dommu_1/mux_generic.vhd 2013/07/09.21:21:31 O.87xd
EN work/mux_generic 1374497389 \
      FL //samba01/dessouga/Projects/dommu_1/mux_generic.vhd \
      PB ieee/std_logic_1164 1325952872 PB work/user_pkg 1376670226
AR work/mux_generic/Behavioral 1374497390 \
      FL //samba01/dessouga/Projects/dommu_1/mux_generic.vhd EN work/mux_generic 1374497389
FL //samba01/dessouga/Projects/dommu_1/pe.vhd 2013/07/23.18:18:59 O.87xd
EN work/pe 1374596350 FL //samba01/dessouga/Projects/dommu_1/pe.vhd \
      PB ieee/std_logic_1164 1325952872 PB ieee/NUMERIC_STD 1325952877 \
      PB work/user_pkg 1376670226 LB UNISIM PH unisim/VCOMPONENTS 1325952880
AR work/pe/pe_rtl 1374596351 \
      FL //samba01/dessouga/Projects/dommu_1/pe.vhd EN work/pe 1374596350
FL //samba01/dessouga/Projects/dommu_1/rac.vhd 2013/07/23.16:20:55 O.87xd
EN work/rac 0 FL //samba01/dessouga/Projects/dommu_1/rac.vhd \
      PB ieee/std_logic_1164 1325952872 PB ieee/NUMERIC_STD 1325952877 \
      PB work/user_pkg 1376670226
AR work/rac/rac_rtl 0 \
      FL //samba01/dessouga/Projects/dommu_1/rac.vhd EN work/rac 0
FL //samba01/dessouga/Projects/dommu_1/user_pkg.vhd 2013/08/16.16:33:17 O.87xd
PH work/user_pkg 1376670225 FL //samba01/dessouga/Projects/dommu_1/user_pkg.vhd \
      PB ieee/std_logic_1164 1325952872
PB work/user_pkg 1376670226 \
      FL //samba01/dessouga/Projects/dommu_1/user_pkg.vhd PH work/user_pkg 1376670225
FL //samba01/dessouga/Projects/dommu_1/xbar_generic.vhd 2013/07/10.14:29:19 O.87xd
EN work/xbar_generic 1374497391 \
      FL //samba01/dessouga/Projects/dommu_1/xbar_generic.vhd \
      PB ieee/std_logic_1164 1325952872 PB work/user_pkg 1376670226
AR work/xbar_generic/Behavioral 1374497392 \
      FL //samba01/dessouga/Projects/dommu_1/xbar_generic.vhd \
      EN work/xbar_generic 1374497391 CP mux_generic
